7zip
adw-gtk-theme
asciidoctor
asciidoctor-pdf
base
base-devel
blueman
bluez
bluez-utils
breeze
brightnessctl
btop
btrfs-progs
cava
cliphist
dgop
distrobox
dmidecode
dms-shell
docker
docker-compose
earlyoom
efibootmgr
eza
fastfetch
fd
figlet
flatpak
foot
fzf
git
git-delta
gnome-disk-utility
gnome-themes-extra
grim
gst-plugin-pipewire
hyprland
hyprpicker
imagemagick
inotify-tools
intel-media-driver
intel-ucode
iwd
jq
jrnl
kitty
lazydocker
lazygit
less
libnotify
libpulse
libva-intel-driver
linux-firmware
linux-lts
matugen
mplayer
mpv
nano
network-manager-applet
networkmanager
nodejs
noto-fonts-emoji
npm
nwg-look
otf-font-awesome
pacman-contrib
pavucontrol
pgformatter
pipewire
pipewire-alsa
pipewire-jack
pipewire-pulse
podman
polkit-gnome
polkit-kde-agent
postgresql-libs
power-profiles-daemon
python-pip
qt5-wayland
qt6-wayland
qt6ct
quickshell
ripgrep
sad
sassc
slurp
smartmontools
sof-firmware
speedtest-cli
starship
stow
task
thunar
translate-shell
ttf-firacode-nerd
tumbler
ufw
unzip
uwsm
vim
vulkan-intel
vulkan-nouveau
vulkan-radeon
wget
wireless_tools
wireplumber
xdg-desktop-portal-gtk
xdg-desktop-portal-hyprland
xdg-utils
xf86-video-amdgpu
xf86-video-ati
xf86-video-nouveau
xorg-server
xorg-xinit
yazi
zathura
zathura-cb
zathura-pdf-poppler
zoxide
zram-generator
zsh
